// Jest Snapshot v1, https://goo.gl/fbAQLP

exports[`VpcStackTest Should_MatchSnapshotAndResources_When_VpcStackIsCreated: VpcStackTest 1`] = `
{
  "Outputs": {
    "cfnOutputVpcId": {
      "Description": "Created VPC ID",
      "Export": {
        "Name": "VpcStack:vpcId",
      },
      "Value": {
        "Ref": "vpcId937700B3",
      },
    },
  },
  "Parameters": {
    "BootstrapVersion": {
      "Default": "/cdk-bootstrap/hnb659fds/version",
      "Description": "Version of the CDK Bootstrap resources in this environment, automatically retrieved from SSM Parameter Store. [cdk:skip]",
      "Type": "AWS::SSM::Parameter::Value<String>",
    },
  },
  "Resources": {
    "vpcId937700B3": {
      "Properties": {
        "CidrBlock": "22.0.0.0/16",
        "EnableDnsHostnames": true,
        "EnableDnsSupport": true,
        "InstanceTenancy": "default",
        "Tags": [
          {
            "Key": "Environment",
            "Value": "Test",
          },
          {
            "Key": "Name",
            "Value": "private-M47Vpc-Test",
          },
          {
            "Key": "Project",
            "Value": "shared-test",
          },
          {
            "Key": "StackId",
            "Value": "m47-shared-test-vpcstack-test-stack",
          },
        ],
      },
      "Type": "AWS::EC2::VPC",
    },
    "vpcIdIGW108455B5": {
      "Properties": {
        "Tags": [
          {
            "Key": "Environment",
            "Value": "Test",
          },
          {
            "Key": "Name",
            "Value": "private-M47Vpc-Test",
          },
          {
            "Key": "Project",
            "Value": "shared-test",
          },
          {
            "Key": "StackId",
            "Value": "m47-shared-test-vpcstack-test-stack",
          },
        ],
      },
      "Type": "AWS::EC2::InternetGateway",
    },
    "vpcIdPrivate1Subnet1DefaultRoute9D408128": {
      "Properties": {
        "DestinationCidrBlock": "0.0.0.0/0",
        "NatGatewayId": {
          "Ref": "vpcIdPublic1Subnet1NATGateway5EB16AC0",
        },
        "RouteTableId": {
          "Ref": "vpcIdPrivate1Subnet1RouteTable42D8C801",
        },
      },
      "Type": "AWS::EC2::Route",
    },
    "vpcIdPrivate1Subnet1RouteTable42D8C801": {
      "Properties": {
        "Tags": [
          {
            "Key": "Environment",
            "Value": "Test",
          },
          {
            "Key": "Name",
            "Value": "VpcStackTest/m47-shared-test-vpcstack-test-stack/vpcId/Private1Subnet1",
          },
          {
            "Key": "Project",
            "Value": "shared-test",
          },
          {
            "Key": "StackId",
            "Value": "m47-shared-test-vpcstack-test-stack",
          },
        ],
        "VpcId": {
          "Ref": "vpcId937700B3",
        },
      },
      "Type": "AWS::EC2::RouteTable",
    },
    "vpcIdPrivate1Subnet1RouteTableAssociation675EA1FB": {
      "Properties": {
        "RouteTableId": {
          "Ref": "vpcIdPrivate1Subnet1RouteTable42D8C801",
        },
        "SubnetId": {
          "Ref": "vpcIdPrivate1Subnet1SubnetACE5346C",
        },
      },
      "Type": "AWS::EC2::SubnetRouteTableAssociation",
    },
    "vpcIdPrivate1Subnet1SubnetACE5346C": {
      "Properties": {
        "AvailabilityZone": {
          "Fn::Select": [
            0,
            {
              "Fn::GetAZs": "",
            },
          ],
        },
        "CidrBlock": "22.0.32.0/20",
        "MapPublicIpOnLaunch": false,
        "Tags": [
          {
            "Key": "aws-cdk:subnet-name",
            "Value": "Private1",
          },
          {
            "Key": "aws-cdk:subnet-type",
            "Value": "Private",
          },
          {
            "Key": "Environment",
            "Value": "Test",
          },
          {
            "Key": "Name",
            "Value": "VpcStackTest/m47-shared-test-vpcstack-test-stack/vpcId/Private1Subnet1",
          },
          {
            "Key": "Project",
            "Value": "shared-test",
          },
          {
            "Key": "StackId",
            "Value": "m47-shared-test-vpcstack-test-stack",
          },
        ],
        "VpcId": {
          "Ref": "vpcId937700B3",
        },
      },
      "Type": "AWS::EC2::Subnet",
    },
    "vpcIdPrivate1Subnet2DefaultRoute8F3C7EA8": {
      "Properties": {
        "DestinationCidrBlock": "0.0.0.0/0",
        "NatGatewayId": {
          "Ref": "vpcIdPublic1Subnet2NATGateway6CB106F1",
        },
        "RouteTableId": {
          "Ref": "vpcIdPrivate1Subnet2RouteTable83AB5D28",
        },
      },
      "Type": "AWS::EC2::Route",
    },
    "vpcIdPrivate1Subnet2RouteTable83AB5D28": {
      "Properties": {
        "Tags": [
          {
            "Key": "Environment",
            "Value": "Test",
          },
          {
            "Key": "Name",
            "Value": "VpcStackTest/m47-shared-test-vpcstack-test-stack/vpcId/Private1Subnet2",
          },
          {
            "Key": "Project",
            "Value": "shared-test",
          },
          {
            "Key": "StackId",
            "Value": "m47-shared-test-vpcstack-test-stack",
          },
        ],
        "VpcId": {
          "Ref": "vpcId937700B3",
        },
      },
      "Type": "AWS::EC2::RouteTable",
    },
    "vpcIdPrivate1Subnet2RouteTableAssociation08CCB002": {
      "Properties": {
        "RouteTableId": {
          "Ref": "vpcIdPrivate1Subnet2RouteTable83AB5D28",
        },
        "SubnetId": {
          "Ref": "vpcIdPrivate1Subnet2Subnet91487ED7",
        },
      },
      "Type": "AWS::EC2::SubnetRouteTableAssociation",
    },
    "vpcIdPrivate1Subnet2Subnet91487ED7": {
      "Properties": {
        "AvailabilityZone": {
          "Fn::Select": [
            1,
            {
              "Fn::GetAZs": "",
            },
          ],
        },
        "CidrBlock": "22.0.48.0/20",
        "MapPublicIpOnLaunch": false,
        "Tags": [
          {
            "Key": "aws-cdk:subnet-name",
            "Value": "Private1",
          },
          {
            "Key": "aws-cdk:subnet-type",
            "Value": "Private",
          },
          {
            "Key": "Environment",
            "Value": "Test",
          },
          {
            "Key": "Name",
            "Value": "VpcStackTest/m47-shared-test-vpcstack-test-stack/vpcId/Private1Subnet2",
          },
          {
            "Key": "Project",
            "Value": "shared-test",
          },
          {
            "Key": "StackId",
            "Value": "m47-shared-test-vpcstack-test-stack",
          },
        ],
        "VpcId": {
          "Ref": "vpcId937700B3",
        },
      },
      "Type": "AWS::EC2::Subnet",
    },
    "vpcIdPublic1Subnet1DefaultRoute72228A8F": {
      "DependsOn": [
        "vpcIdVPCGW33ACD385",
      ],
      "Properties": {
        "DestinationCidrBlock": "0.0.0.0/0",
        "GatewayId": {
          "Ref": "vpcIdIGW108455B5",
        },
        "RouteTableId": {
          "Ref": "vpcIdPublic1Subnet1RouteTable31C18ABF",
        },
      },
      "Type": "AWS::EC2::Route",
    },
    "vpcIdPublic1Subnet1EIPDC296CEC": {
      "Properties": {
        "Domain": "vpc",
        "Tags": [
          {
            "Key": "Environment",
            "Value": "Test",
          },
          {
            "Key": "Name",
            "Value": "VpcStackTest/m47-shared-test-vpcstack-test-stack/vpcId/Public1Subnet1",
          },
          {
            "Key": "Project",
            "Value": "shared-test",
          },
          {
            "Key": "StackId",
            "Value": "m47-shared-test-vpcstack-test-stack",
          },
        ],
      },
      "Type": "AWS::EC2::EIP",
    },
    "vpcIdPublic1Subnet1NATGateway5EB16AC0": {
      "DependsOn": [
        "vpcIdPublic1Subnet1DefaultRoute72228A8F",
        "vpcIdPublic1Subnet1RouteTableAssociation055876F9",
      ],
      "Properties": {
        "AllocationId": {
          "Fn::GetAtt": [
            "vpcIdPublic1Subnet1EIPDC296CEC",
            "AllocationId",
          ],
        },
        "SubnetId": {
          "Ref": "vpcIdPublic1Subnet1SubnetD21C4A28",
        },
        "Tags": [
          {
            "Key": "Environment",
            "Value": "Test",
          },
          {
            "Key": "Name",
            "Value": "VpcStackTest/m47-shared-test-vpcstack-test-stack/vpcId/Public1Subnet1",
          },
          {
            "Key": "Project",
            "Value": "shared-test",
          },
          {
            "Key": "StackId",
            "Value": "m47-shared-test-vpcstack-test-stack",
          },
        ],
      },
      "Type": "AWS::EC2::NatGateway",
    },
    "vpcIdPublic1Subnet1RouteTable31C18ABF": {
      "Properties": {
        "Tags": [
          {
            "Key": "Environment",
            "Value": "Test",
          },
          {
            "Key": "Name",
            "Value": "VpcStackTest/m47-shared-test-vpcstack-test-stack/vpcId/Public1Subnet1",
          },
          {
            "Key": "Project",
            "Value": "shared-test",
          },
          {
            "Key": "StackId",
            "Value": "m47-shared-test-vpcstack-test-stack",
          },
        ],
        "VpcId": {
          "Ref": "vpcId937700B3",
        },
      },
      "Type": "AWS::EC2::RouteTable",
    },
    "vpcIdPublic1Subnet1RouteTableAssociation055876F9": {
      "Properties": {
        "RouteTableId": {
          "Ref": "vpcIdPublic1Subnet1RouteTable31C18ABF",
        },
        "SubnetId": {
          "Ref": "vpcIdPublic1Subnet1SubnetD21C4A28",
        },
      },
      "Type": "AWS::EC2::SubnetRouteTableAssociation",
    },
    "vpcIdPublic1Subnet1SubnetD21C4A28": {
      "Properties": {
        "AvailabilityZone": {
          "Fn::Select": [
            0,
            {
              "Fn::GetAZs": "",
            },
          ],
        },
        "CidrBlock": "22.0.0.0/20",
        "MapPublicIpOnLaunch": true,
        "Tags": [
          {
            "Key": "aws-cdk:subnet-name",
            "Value": "Public1",
          },
          {
            "Key": "aws-cdk:subnet-type",
            "Value": "Public",
          },
          {
            "Key": "Environment",
            "Value": "Test",
          },
          {
            "Key": "Name",
            "Value": "VpcStackTest/m47-shared-test-vpcstack-test-stack/vpcId/Public1Subnet1",
          },
          {
            "Key": "Project",
            "Value": "shared-test",
          },
          {
            "Key": "StackId",
            "Value": "m47-shared-test-vpcstack-test-stack",
          },
        ],
        "VpcId": {
          "Ref": "vpcId937700B3",
        },
      },
      "Type": "AWS::EC2::Subnet",
    },
    "vpcIdPublic1Subnet2DefaultRouteE84FDE21": {
      "DependsOn": [
        "vpcIdVPCGW33ACD385",
      ],
      "Properties": {
        "DestinationCidrBlock": "0.0.0.0/0",
        "GatewayId": {
          "Ref": "vpcIdIGW108455B5",
        },
        "RouteTableId": {
          "Ref": "vpcIdPublic1Subnet2RouteTable6FCD1F9B",
        },
      },
      "Type": "AWS::EC2::Route",
    },
    "vpcIdPublic1Subnet2EIP15C5A5DD": {
      "Properties": {
        "Domain": "vpc",
        "Tags": [
          {
            "Key": "Environment",
            "Value": "Test",
          },
          {
            "Key": "Name",
            "Value": "VpcStackTest/m47-shared-test-vpcstack-test-stack/vpcId/Public1Subnet2",
          },
          {
            "Key": "Project",
            "Value": "shared-test",
          },
          {
            "Key": "StackId",
            "Value": "m47-shared-test-vpcstack-test-stack",
          },
        ],
      },
      "Type": "AWS::EC2::EIP",
    },
    "vpcIdPublic1Subnet2NATGateway6CB106F1": {
      "DependsOn": [
        "vpcIdPublic1Subnet2DefaultRouteE84FDE21",
        "vpcIdPublic1Subnet2RouteTableAssociation126B887D",
      ],
      "Properties": {
        "AllocationId": {
          "Fn::GetAtt": [
            "vpcIdPublic1Subnet2EIP15C5A5DD",
            "AllocationId",
          ],
        },
        "SubnetId": {
          "Ref": "vpcIdPublic1Subnet2SubnetA44E3D9B",
        },
        "Tags": [
          {
            "Key": "Environment",
            "Value": "Test",
          },
          {
            "Key": "Name",
            "Value": "VpcStackTest/m47-shared-test-vpcstack-test-stack/vpcId/Public1Subnet2",
          },
          {
            "Key": "Project",
            "Value": "shared-test",
          },
          {
            "Key": "StackId",
            "Value": "m47-shared-test-vpcstack-test-stack",
          },
        ],
      },
      "Type": "AWS::EC2::NatGateway",
    },
    "vpcIdPublic1Subnet2RouteTable6FCD1F9B": {
      "Properties": {
        "Tags": [
          {
            "Key": "Environment",
            "Value": "Test",
          },
          {
            "Key": "Name",
            "Value": "VpcStackTest/m47-shared-test-vpcstack-test-stack/vpcId/Public1Subnet2",
          },
          {
            "Key": "Project",
            "Value": "shared-test",
          },
          {
            "Key": "StackId",
            "Value": "m47-shared-test-vpcstack-test-stack",
          },
        ],
        "VpcId": {
          "Ref": "vpcId937700B3",
        },
      },
      "Type": "AWS::EC2::RouteTable",
    },
    "vpcIdPublic1Subnet2RouteTableAssociation126B887D": {
      "Properties": {
        "RouteTableId": {
          "Ref": "vpcIdPublic1Subnet2RouteTable6FCD1F9B",
        },
        "SubnetId": {
          "Ref": "vpcIdPublic1Subnet2SubnetA44E3D9B",
        },
      },
      "Type": "AWS::EC2::SubnetRouteTableAssociation",
    },
    "vpcIdPublic1Subnet2SubnetA44E3D9B": {
      "Properties": {
        "AvailabilityZone": {
          "Fn::Select": [
            1,
            {
              "Fn::GetAZs": "",
            },
          ],
        },
        "CidrBlock": "22.0.16.0/20",
        "MapPublicIpOnLaunch": true,
        "Tags": [
          {
            "Key": "aws-cdk:subnet-name",
            "Value": "Public1",
          },
          {
            "Key": "aws-cdk:subnet-type",
            "Value": "Public",
          },
          {
            "Key": "Environment",
            "Value": "Test",
          },
          {
            "Key": "Name",
            "Value": "VpcStackTest/m47-shared-test-vpcstack-test-stack/vpcId/Public1Subnet2",
          },
          {
            "Key": "Project",
            "Value": "shared-test",
          },
          {
            "Key": "StackId",
            "Value": "m47-shared-test-vpcstack-test-stack",
          },
        ],
        "VpcId": {
          "Ref": "vpcId937700B3",
        },
      },
      "Type": "AWS::EC2::Subnet",
    },
    "vpcIdVPCGW33ACD385": {
      "Properties": {
        "InternetGatewayId": {
          "Ref": "vpcIdIGW108455B5",
        },
        "VpcId": {
          "Ref": "vpcId937700B3",
        },
      },
      "Type": "AWS::EC2::VPCGatewayAttachment",
    },
  },
  "Rules": {
    "CheckBootstrapVersion": {
      "Assertions": [
        {
          "Assert": {
            "Fn::Not": [
              {
                "Fn::Contains": [
                  [
                    "1",
                    "2",
                    "3",
                    "4",
                    "5",
                  ],
                  {
                    "Ref": "BootstrapVersion",
                  },
                ],
              },
            ],
          },
          "AssertDescription": "CDK bootstrap stack version 6 required. Please run 'cdk bootstrap' with a recent version of the CDK CLI.",
        },
      ],
    },
  },
}
`;
